###############################################################################
#
# IAR ELF Linker V8.40.1.212/W32 for ARM                  31/Oct/2019  12:48:35
# Copyright 2007-2019 IAR Systems AB.
#
#    Output file  =
#        C:\Users\aelqa\Desktop\Semester 7\Micro\Password Based Door
#        Project\Debug\Exe\PasswordBasedDoor.out
#    Map file     =
#        C:\Users\aelqa\Desktop\Semester 7\Micro\Password Based Door
#        Project\Debug\List\PasswordBasedDoor.map
#    Command line =
#        -f C:\Users\aelqa\AppData\Local\Temp\EW1461.tmp
#        ("C:\Users\aelqa\Desktop\Semester 7\Micro\Password Based Door
#        Project\Debug\Obj\Delay.o" "C:\Users\aelqa\Desktop\Semester
#        7\Micro\Password Based Door Project\Debug\Obj\keypad.o"
#        "C:\Users\aelqa\Desktop\Semester 7\Micro\Password Based Door
#        Project\Debug\Obj\LED.o" "C:\Users\aelqa\Desktop\Semester
#        7\Micro\Password Based Door Project\Debug\Obj\main.o"
#        "C:\Users\aelqa\Desktop\Semester 7\Micro\Password Based Door
#        Project\Debug\Obj\Transitions.o" --no_out_extension -o
#        "C:\Users\aelqa\Desktop\Semester 7\Micro\Password Based Door
#        Project\Debug\Exe\PasswordBasedDoor.out" --redirect
#        _Printf=_PrintfFullNoMb --redirect _Scanf=_ScanfFullNoMb --map
#        "C:\Users\aelqa\Desktop\Semester 7\Micro\Password Based Door
#        Project\Debug\List\PasswordBasedDoor.map" --config "C:\Program Files
#        (x86)\IAR Systems\Embedded Workbench
#        8.3\arm\config\linker\TexasInstruments\TM4C123GH6.icf" --semihosting
#        --entry __iar_program_start --vfe --text_out locale)
#
###############################################################################

*******************************************************************************
*** RUNTIME MODEL ATTRIBUTES
***

CppFlavor       = *
__SystemLibrary = DLib
__dlib_version  = 6


*******************************************************************************
*** HEAP SELECTION
***

The basic heap was selected because some modules are built with
size limitations (and not runtime checking), and --advanced_heap
was not specified.


*******************************************************************************
*** PLACEMENT SUMMARY
***

"A0":  place at address 0x0 { ro section .intvec };
"P1":  place in [from 0x0 to 0x3'ffff] { ro };
define block CSTACK with size = 4K, alignment = 8 { };
define block HEAP with size = 8K, alignment = 8 { };
"P2":  place in [from 0x2000'0000 to 0x2000'7fff] {
          rw, block CSTACK, block HEAP };

  Section          Kind         Address    Size  Object
  -------          ----         -------    ----  ------
"A0":                                      0x40
  .intvec          ro code          0x0    0x40  vector_table_M.o [3]
                                 - 0x40    0x40

"P1":                                     0x394
  .text            ro code         0x40    0xe4  keypad.o [1]
  .text            ro code        0x124    0x48  Delay.o [1]
  .text            ro code        0x16c    0x84  Transitions.o [1]
  .text            ro code        0x1f0    0x6c  LED.o [1]
  .text            ro code        0x25c    0x56  ABImemcpy_unaligned.o [3]
  .text            ro code        0x2b2    0x3a  zero_init3.o [3]
  .text            ro code        0x2ec    0x48  main.o [1]
  .text            ro code        0x334    0x28  data_init.o [3]
  .iar.init_table  const          0x35c    0x10  - Linker created -
  .text            ro code        0x36c    0x1e  cmain.o [3]
  .text            ro code        0x38a     0x4  low_level_init.o [2]
  .text            ro code        0x38e     0x4  exit.o [2]
  .text            ro code        0x392     0x2  vector_table_M.o [3]
  .text            ro code        0x394     0xa  cexit.o [3]
  .text            ro code        0x3a0    0x14  exit.o [4]
  .rodata          const          0x3b4    0x10  main.o [1]
  .text            ro code        0x3c4     0xc  cstartup_M.o [3]
  .rodata          const          0x3d0     0x4  Transitions.o [1]
  .rodata          const          0x3d4     0x0  zero_init3.o [3]
                                - 0x3d4   0x394

"P2", part 1 of 2:                          0x8
  .bss             zero     0x2000'0000     0x4  Transitions.o [1]
  .bss             zero     0x2000'0004     0x4  Transitions.o [1]
                          - 0x2000'0008     0x8

"P2", part 2 of 2:                       0x1000
  CSTACK                    0x2000'0008  0x1000  <Block>
    CSTACK         uninit   0x2000'0008  0x1000  <Block tail>
                          - 0x2000'1008  0x1000

Unused ranges:

         From           To      Size
         ----           --      ----
        0x3d4     0x3'ffff  0x3'fc2c
  0x2000'1008  0x2000'7fff    0x6ff8


*******************************************************************************
*** INIT TABLE
***

          Address      Size
          -------      ----
Zero (__iar_zero_init3)
    1 destination range, total size 0x8:
          0x2000'0000   0x8



*******************************************************************************
*** MODULE SUMMARY
***

    Module                 ro code  ro data  rw data
    ------                 -------  -------  -------
command line/config:
    ------------------------------------------------
    Total:

C:\Users\aelqa\Desktop\Semester 7\Micro\Password Based Door Project\Debug\Obj: [1]
    Delay.o                     72
    LED.o                      108
    Transitions.o              132        4        8
    keypad.o                   228
    main.o                      72       16
    ------------------------------------------------
    Total:                     612       20        8

dl7M_tln.a: [2]
    exit.o                       4
    low_level_init.o             4
    ------------------------------------------------
    Total:                       8

rt7M_tl.a: [3]
    ABImemcpy_unaligned.o       86
    cexit.o                     10
    cmain.o                     30
    cstartup_M.o                12
    data_init.o                 40
    vector_table_M.o            66
    zero_init3.o                58
    ------------------------------------------------
    Total:                     302

shb_l.a: [4]
    exit.o                      20
    ------------------------------------------------
    Total:                      20

    Gaps                         2
    Linker created                       16    4'096
----------------------------------------------------
    Grand Total:               944       36    4'104


*******************************************************************************
*** ENTRY LIST
***

Entry                       Address  Size  Type      Object
-----                       -------  ----  ----      ------
.iar.init_table$$Base         0x35c         --   Gb  - Linker created -
.iar.init_table$$Limit        0x36c         --   Gb  - Linker created -
?main                         0x36d        Code  Gb  cmain.o [3]
CSTACK$$Base            0x2000'0008         --   Gb  - Linker created -
CSTACK$$Limit           0x2000'1008         --   Gb  - Linker created -
Keypad_Init                    0x41  0x5a  Code  Gb  keypad.o [1]
LED_Init                      0x1f1  0x20  Code  Gb  LED.o [1]
Region$$Table$$Base           0x35c         --   Gb  - Linker created -
Region$$Table$$Limit          0x36c         --   Gb  - Linker created -
SysTick_Init                  0x125   0xc  Code  Gb  Delay.o [1]
__cmain                       0x36d        Code  Gb  cmain.o [3]
__exit                        0x3a1  0x14  Code  Gb  exit.o [4]
__iar_data_init3              0x335  0x28  Code  Gb  data_init.o [3]
__iar_program_start           0x3c5        Code  Gb  cstartup_M.o [3]
__iar_unaligned_memcpy4
                              0x25d        Code  Gb  ABImemcpy_unaligned.o [3]
__iar_unaligned_memcpy8
                              0x25d        Code  Gb  ABImemcpy_unaligned.o [3]
__iar_zero_init3              0x2b3  0x3a  Code  Gb  zero_init3.o [3]
__low_level_init              0x38b   0x4  Code  Gb  low_level_init.o [2]
__vector_table                  0x0        Data  Gb  vector_table_M.o [3]
_call_main                    0x379        Code  Gb  cmain.o [3]
_exit                         0x395        Code  Gb  cexit.o [3]
_main                         0x387        Code  Gb  cmain.o [3]
activateAlarm                 0x22f  0x1e  Code  Gb  LED.o [1]
delay                         0x131  0x14  Code  Gb  Delay.o [1]
delay10ms                     0x145  0x16  Code  Gb  Delay.o [1]
exit                          0x38f   0x4  Code  Gb  exit.o [2]
getPressedKey                  0x9b  0x64  Code  Gb  keypad.o [1]
main                          0x2ed  0x48  Code  Gb  main.o [1]
openDoor                      0x211  0x1e  Code  Gb  LED.o [1]
transit                       0x16d  0x84  Code  Gb  Transitions.o [1]
transit::current        0x2000'0000   0x4  Data  Lc  Transitions.o [1]
transit::wrong          0x2000'0004   0x4  Data  Lc  Transitions.o [1]


[1] = C:\Users\aelqa\Desktop\Semester 7\Micro\Password Based Door Project\Debug\Obj
[2] = dl7M_tln.a
[3] = rt7M_tl.a
[4] = shb_l.a

    944 bytes of readonly  code memory
     36 bytes of readonly  data memory
  4'104 bytes of readwrite data memory

Errors: none
Warnings: none
