###############################################################################
#
# IAR ELF Linker V8.40.1.212/W32 for ARM                  16/Dec/2019  06:54:19
# Copyright 2007-2019 IAR Systems AB.
#
#    Output file  =
#        C:\Users\user\Desktop\Microcontrollers_Project\Debug\Exe\PasswordBasedDoor.out
#    Map file     =
#        C:\Users\user\Desktop\Microcontrollers_Project\Debug\List\PasswordBasedDoor.map
#    Command line =
#        -f C:\Users\user\AppData\Local\Temp\EWF840.tmp
#        (C:\Users\user\Desktop\Microcontrollers_Project\Debug\Obj\EEPROM.o
#        C:\Users\user\Desktop\Microcontrollers_Project\Debug\Obj\keypad.o
#        C:\Users\user\Desktop\Microcontrollers_Project\Debug\Obj\LCD_Driver.o
#        C:\Users\user\Desktop\Microcontrollers_Project\Debug\Obj\LED.o
#        C:\Users\user\Desktop\Microcontrollers_Project\Debug\Obj\main.o
#        C:\Users\user\Desktop\Microcontrollers_Project\Debug\Obj\Modes.o
#        C:\Users\user\Desktop\Microcontrollers_Project\Debug\Obj\SysTick.o
#        C:\Users\user\Desktop\Microcontrollers_Project\Debug\Obj\Transitions.o
#        --no_out_extension -o
#        C:\Users\user\Desktop\Microcontrollers_Project\Debug\Exe\PasswordBasedDoor.out
#        --redirect _Printf=_PrintfFullNoMb --redirect _Scanf=_ScanfFullNoMb
#        --map
#        C:\Users\user\Desktop\Microcontrollers_Project\Debug\List\PasswordBasedDoor.map
#        --config "C:\Program Files (x86)\IAR Systems\Embedded Workbench
#        8.3\arm\config\linker\TexasInstruments\TM4C123GH6.icf" --semihosting
#        --entry __iar_program_start --vfe --text_out locale)
#
###############################################################################

*******************************************************************************
*** RUNTIME MODEL ATTRIBUTES
***

CppFlavor       = *
__SystemLibrary = DLib
__dlib_version  = 6


*******************************************************************************
*** HEAP SELECTION
***

The basic heap was selected because some modules are built with
size limitations (and not runtime checking), and --advanced_heap
was not specified.


*******************************************************************************
*** PLACEMENT SUMMARY
***

"A0":  place at address 0x0 { ro section .intvec };
"P1":  place in [from 0x0 to 0x3'ffff] { ro };
define block CSTACK with size = 4K, alignment = 8 { };
define block HEAP with size = 8K, alignment = 8 { };
"P2":  place in [from 0x2000'0000 to 0x2000'7fff] {
          rw, block CSTACK, block HEAP };
initialize by copy { rw };

  Section            Kind         Address    Size  Object
  -------            ----         -------    ----  ------
"A0":                                        0x40
  .intvec            ro code          0x0    0x40  vector_table_M.o [4]
                                   - 0x40    0x40

"P1":                                       0xea4
  .text              ro code         0x40   0x3b0  Transitions.o [1]
  .text              ro code        0x3f0   0x290  LCD_Driver.o [1]
  .text              ro code        0x680    0xc4  SysTick.o [1]
  .text              ro code        0x744    0x70  LED.o [1]
  .text              ro code        0x7b4    0xe8  keypad.o [1]
  .text              ro code        0x89c    0xd4  EEPROM.o [1]
  .text              ro code        0x970    0xfc  FltDiv.o [3]
  .text              ro code        0xa6c    0x2a  FltToS32.o [3]
  .text              ro code        0xa96     0x2  vector_table_M.o [4]
  .text              ro code        0xa98    0x24  S32ToFlt.o [3]
  .text              ro code        0xabc    0x80  FltSub.o [3]
  .text              ro code        0xb3c    0x1c  FltCmpEq.o [3]
  .text              ro code        0xb58    0xd8  FltMul.o [3]
  .text              ro code        0xc30    0xd6  FltAdd.o [3]
  .text              ro code        0xd08    0x56  ABImemcpy_unaligned.o [4]
  .text              ro code        0xd5e    0x38  packbits_init_single.o [4]
  .text              ro code        0xd98    0x30  main.o [1]
  .text              ro code        0xdc8    0x28  data_init.o [4]
  .iar.init_table    const          0xdf0    0x10  - Linker created -
  .text              ro code        0xe00    0x1e  cmain.o [4]
  .text              ro code        0xe1e     0x4  low_level_init.o [2]
  .text              ro code        0xe22     0x4  exit.o [2]
  .text              ro code        0xe28     0xa  cexit.o [4]
  .text              ro code        0xe34    0x14  exit.o [5]
  .rodata            const          0xe48    0x14  Transitions.o [1]
  .rodata            const          0xe5c    0x14  Transitions.o [1]
  .rodata            const          0xe70    0x14  Transitions.o [1]
  .rodata            const          0xe84    0x14  Transitions.o [1]
  .rodata            const          0xe98    0x10  main.o [1]
  .rodata            const          0xea8    0x10  Transitions.o [1]
  .rodata            const          0xeb8    0x10  Transitions.o [1]
  .rodata            const          0xec8     0xc  Transitions.o [1]
  .text              ro code        0xed4     0xc  cstartup_M.o [4]
  .rodata            const          0xee0     0x0  packbits_init_single.o [4]
  Initializer bytes  const          0xee0     0x4  <for P2-1>
                                  - 0xee4   0xea4

"P2", part 1 of 2:                           0x24
  P2-1                        0x2000'0000    0x24  <Init block>
    .data            inited   0x2000'0000    0x10  Transitions.o [1]
    .bss             inited   0x2000'0010     0x4  Transitions.o [1]
    .bss             inited   0x2000'0014     0x4  Transitions.o [1]
    .bss             inited   0x2000'0018     0x4  Transitions.o [1]
    .bss             inited   0x2000'001c     0x4  Transitions.o [1]
    .bss             inited   0x2000'0020     0x4  Transitions.o [1]
                            - 0x2000'0024    0x24

"P2", part 2 of 2:                         0x1000
  CSTACK                      0x2000'0028  0x1000  <Block>
    CSTACK           uninit   0x2000'0028  0x1000  <Block tail>
                            - 0x2000'1028  0x1000

Unused ranges:

         From           To      Size
         ----           --      ----
        0xee4     0x3'ffff  0x3'f11c
  0x2000'0024  0x2000'0027       0x4
  0x2000'1028  0x2000'7fff    0x6fd8


*******************************************************************************
*** INIT TABLE
***

          Address      Size
          -------      ----
Copy/packbits (__iar_packbits_init_single3)
    1 source range, total size 0x4 (11% of destination):
                0xee0   0x4
    1 destination range, total size 0x24:
          0x2000'0000  0x24



*******************************************************************************
*** MODULE SUMMARY
***

    Module                  ro code  ro data  rw data
    ------                  -------  -------  -------
command line/config:
    -------------------------------------------------
    Total:

C:\Users\user\Desktop\Microcontrollers_Project\Debug\Obj: [1]
    EEPROM.o                    212
    LCD_Driver.o                656
    LED.o                       112
    SysTick.o                   196
    Transitions.o               944      128       36
    keypad.o                    232
    main.o                       48       16
    -------------------------------------------------
    Total:                    2'400      144       36

dl7M_tln.a: [2]
    exit.o                        4
    low_level_init.o              4
    -------------------------------------------------
    Total:                        8

m7M_tl.a: [3]
    FltAdd.o                    214
    FltCmpEq.o                   28
    FltDiv.o                    252
    FltMul.o                    216
    FltSub.o                    128
    FltToS32.o                   42
    S32ToFlt.o                   36
    -------------------------------------------------
    Total:                      916

rt7M_tl.a: [4]
    ABImemcpy_unaligned.o        86
    cexit.o                      10
    cmain.o                      30
    cstartup_M.o                 12
    data_init.o                  40
    packbits_init_single.o       56
    vector_table_M.o             66
    -------------------------------------------------
    Total:                      300

shb_l.a: [5]
    exit.o                       20
    -------------------------------------------------
    Total:                       20

    Gaps                          8
    Linker created                        16    4'096
-----------------------------------------------------
    Grand Total:              3'652      160    4'132


*******************************************************************************
*** ENTRY LIST
***

Entry                       Address   Size  Type      Object
-----                       -------   ----  ----      ------
.iar.init_table$$Base         0xdf0          --   Gb  - Linker created -
.iar.init_table$$Limit        0xe00          --   Gb  - Linker created -
?main                         0xe01         Code  Gb  cmain.o [4]
CSTACK$$Base            0x2000'0028          --   Gb  - Linker created -
CSTACK$$Limit           0x2000'1028          --   Gb  - Linker created -
EEPROM_Init                   0x89d   0x20  Code  Gb  EEPROM.o [1]
EEPROM_Read                   0x8f3   0x24  Code  Gb  EEPROM.o [1]
EEPROM_Write                  0x8bd   0x36  Code  Gb  EEPROM.o [1]
Init_Ports                    0x44d   0x58  Code  Gb  LCD_Driver.o [1]
Keypad_Init                   0x7b5   0x5a  Code  Gb  keypad.o [1]
LCD_Init                      0x3f1   0x5c  Code  Gb  LCD_Driver.o [1]
LCD_Write_String              0x5c5   0x66  Code  Gb  LCD_Driver.o [1]
LCD_command                   0x4a5   0x6e  Code  Gb  LCD_Driver.o [1]
LCD_data                      0x513   0x48  Code  Gb  LCD_Driver.o [1]
LCD_start                     0x55b   0x56  Code  Gb  LCD_Driver.o [1]
LED_Init                      0x745   0x20  Code  Gb  LED.o [1]
Region$$Table$$Base           0xdf0          --   Gb  - Linker created -
Region$$Table$$Limit          0xe00          --   Gb  - Linker created -
__aeabi_cfcmpeq               0xb3d         Code  Gb  FltCmpEq.o [3]
__aeabi_f2iz                  0xa6d         Code  Gb  FltToS32.o [3]
__aeabi_fdiv                  0x971         Code  Gb  FltDiv.o [3]
__aeabi_fmul                  0xb59         Code  Gb  FltMul.o [3]
__aeabi_fsub                  0xabd         Code  Gb  FltSub.o [3]
__aeabi_i2f                   0xa99         Code  Gb  S32ToFlt.o [3]
__cmain                       0xe01         Code  Gb  cmain.o [4]
__exit                        0xe35   0x14  Code  Gb  exit.o [5]
__iar_data_init3              0xdc9   0x28  Code  Gb  data_init.o [4]
__iar_fadd                    0xac9         Code  Gb  FltSub.o [3]
__iar_fsub                    0xc31         Code  Gb  FltAdd.o [3]
__iar_fsubStart               0xc41         Code  Gb  FltAdd.o [3]
__iar_packbits_init_single3
                              0xd5f   0x38  Code  Gb  packbits_init_single.o [4]
__iar_program_start           0xed5         Code  Gb  cstartup_M.o [4]
__iar_unaligned_memcpy4
                              0xd09         Code  Gb  ABImemcpy_unaligned.o [4]
__iar_unaligned_memcpy8
                              0xd09         Code  Gb  ABImemcpy_unaligned.o [4]
__low_level_init              0xe1f    0x4  Code  Gb  low_level_init.o [2]
__vector_table                  0x0         Data  Gb  vector_table_M.o [4]
_call_main                    0xe0d         Code  Gb  cmain.o [4]
_exit                         0xe29         Code  Gb  cexit.o [4]
_main                         0xe1b         Code  Gb  cmain.o [4]
activateAlarm                 0x783   0x1e  Code  Gb  LED.o [1]
clearScreen                   0x5b1   0x14  Code  Gb  LCD_Driver.o [1]
exit                          0xe23    0x4  Code  Gb  exit.o [2]
getPasswordLength             0x943   0x1a  Code  Gb  EEPROM.o [1]
getPressedKey                 0x80f   0x64  Code  Gb  keypad.o [1]
main                          0xd99   0x30  Code  Gb  main.o [1]
newPassState                  0x32d   0x8c  Code  Gb  Transitions.o [1]
newPassState::lengthNew
                        0x2000'0020    0x4  Data  Lc  Transitions.o [1]
newPassState::newPassword
                        0x2000'0000   0x10  Data  Lc  Transitions.o [1]
oldPasswordState              0x289   0xa0  Code  Gb  Transitions.o [1]
oldPasswordState::current
                        0x2000'0018    0x4  Data  Lc  Transitions.o [1]
oldPasswordState::wrong
                        0x2000'001c    0x4  Data  Lc  Transitions.o [1]
openDoor                      0x765   0x1e  Code  Gb  LED.o [1]
passwordEntryProcess           0x41  0x1c8  Code  Gb  Transitions.o [1]
savePasswordLength            0x917   0x2c  Code  Gb  EEPROM.o [1]
sysTick_Init                  0x681   0x2e  Code  Gb  SysTick.o [1]
transit                       0x209   0x80  Code  Gb  Transitions.o [1]
transit::current        0x2000'0010    0x4  Data  Lc  Transitions.o [1]
transit::wrong          0x2000'0014    0x4  Data  Lc  Transitions.o [1]
waitTime                      0x6af   0x7e  Code  Gb  SysTick.o [1]


[1] = C:\Users\user\Desktop\Microcontrollers_Project\Debug\Obj
[2] = dl7M_tln.a
[3] = m7M_tl.a
[4] = rt7M_tl.a
[5] = shb_l.a

  3'652 bytes of readonly  code memory
    160 bytes of readonly  data memory
  4'132 bytes of readwrite data memory

Errors: none
Warnings: none
