###############################################################################
#
# IAR ELF Linker V8.40.1.212/W32 for ARM                  24/Nov/2019  14:02:35
# Copyright 2007-2019 IAR Systems AB.
#
#    Output file  =
#        C:\Users\aelqa\Desktop\Semester
#        7\Micro\Microcontrollers_Project\Debug\Exe\PasswordBasedDoor.out
#    Map file     =
#        C:\Users\aelqa\Desktop\Semester
#        7\Micro\Microcontrollers_Project\Debug\List\PasswordBasedDoor.map
#    Command line =
#        -f C:\Users\aelqa\AppData\Local\Temp\EWADCE.tmp
#        ("C:\Users\aelqa\Desktop\Semester
#        7\Micro\Microcontrollers_Project\Debug\Obj\EEPROM.o"
#        "C:\Users\aelqa\Desktop\Semester
#        7\Micro\Microcontrollers_Project\Debug\Obj\keypad.o"
#        "C:\Users\aelqa\Desktop\Semester
#        7\Micro\Microcontrollers_Project\Debug\Obj\LCD_Driver.o"
#        "C:\Users\aelqa\Desktop\Semester
#        7\Micro\Microcontrollers_Project\Debug\Obj\LED.o"
#        "C:\Users\aelqa\Desktop\Semester
#        7\Micro\Microcontrollers_Project\Debug\Obj\main.o"
#        "C:\Users\aelqa\Desktop\Semester
#        7\Micro\Microcontrollers_Project\Debug\Obj\sysTick.o"
#        "C:\Users\aelqa\Desktop\Semester
#        7\Micro\Microcontrollers_Project\Debug\Obj\Transitions.o"
#        --no_out_extension -o "C:\Users\aelqa\Desktop\Semester
#        7\Micro\Microcontrollers_Project\Debug\Exe\PasswordBasedDoor.out"
#        --redirect _Printf=_PrintfFullNoMb --redirect _Scanf=_ScanfFullNoMb
#        --map "C:\Users\aelqa\Desktop\Semester
#        7\Micro\Microcontrollers_Project\Debug\List\PasswordBasedDoor.map"
#        --config "C:\Program Files (x86)\IAR Systems\Embedded Workbench
#        8.3\arm\config\linker\TexasInstruments\TM4C123GH6.icf" --semihosting
#        --entry __iar_program_start --vfe --text_out locale)
#
###############################################################################

*******************************************************************************
*** RUNTIME MODEL ATTRIBUTES
***

CppFlavor       = *
__SystemLibrary = DLib
__dlib_version  = 6


*******************************************************************************
*** HEAP SELECTION
***

The basic heap was selected because some modules are built with
size limitations (and not runtime checking), and --advanced_heap
was not specified.


*******************************************************************************
*** PLACEMENT SUMMARY
***

"A0":  place at address 0x0 { ro section .intvec };
"P1":  place in [from 0x0 to 0x3'ffff] { ro };
define block CSTACK with size = 4K, alignment = 8 { };
define block HEAP with size = 8K, alignment = 8 { };
"P2":  place in [from 0x2000'0000 to 0x2000'7fff] {
          rw, block CSTACK, block HEAP };

  Section          Kind         Address    Size  Object
  -------          ----         -------    ----  ------
"A0":                                      0x40
  .intvec          ro code          0x0    0x40  vector_table_M.o [4]
                                 - 0x40    0x40

"P1":                                     0xa1c
  .text            ro code         0x40   0x1b0  LCD_Driver.o [1]
  .text            ro code        0x1f0    0xc4  sysTick.o [1]
  .text            ro code        0x2b4    0xfc  FltDiv.o [3]
  .text            ro code        0x3b0    0x2a  FltToS32.o [3]
  .text            ro code        0x3da    0x3a  zero_init3.o [4]
  .text            ro code        0x414    0x24  S32ToFlt.o [3]
  .text            ro code        0x438    0x80  FltSub.o [3]
  .text            ro code        0x4b8    0x1c  FltCmpEq.o [3]
  .text            ro code        0x4d4    0xd8  FltMul.o [3]
  .text            ro code        0x5ac    0xd6  FltAdd.o [3]
  .text            ro code        0x682     0x2  vector_table_M.o [4]
  .text            ro code        0x684    0xe8  keypad.o [1]
  .text            ro code        0x76c    0x88  Transitions.o [1]
  .text            ro code        0x7f4    0x74  EEPROM.o [1]
  .text            ro code        0x868    0x74  main.o [1]
  .text            ro code        0x8dc    0x56  ABImemcpy_unaligned.o [4]
  .text            ro code        0x934    0x70  LED.o [1]
  .text            ro code        0x9a4    0x28  data_init.o [4]
  .iar.init_table  const          0x9cc    0x10  - Linker created -
  .text            ro code        0x9dc    0x1e  cmain.o [4]
  .text            ro code        0x9fa     0x4  low_level_init.o [2]
  .text            ro code        0x9fe     0x4  exit.o [2]
  .text            ro code        0xa04     0xa  cexit.o [4]
  .text            ro code        0xa10    0x14  exit.o [5]
  .rodata          const          0xa24    0x10  main.o [1]
  .rodata          const          0xa34    0x10  main.o [1]
  .rodata          const          0xa44     0xc  main.o [1]
  .text            ro code        0xa50     0xc  cstartup_M.o [4]
  .rodata          const          0xa5c     0x0  zero_init3.o [4]
                                - 0xa5c   0xa1c

"P2", part 1 of 2:                          0x8
  .bss             zero     0x2000'0000     0x4  Transitions.o [1]
  .bss             zero     0x2000'0004     0x4  Transitions.o [1]
                          - 0x2000'0008     0x8

"P2", part 2 of 2:                       0x1000
  CSTACK                    0x2000'0008  0x1000  <Block>
    CSTACK         uninit   0x2000'0008  0x1000  <Block tail>
                          - 0x2000'1008  0x1000

Unused ranges:

         From           To      Size
         ----           --      ----
        0xa5c     0x3'ffff  0x3'f5a4
  0x2000'1008  0x2000'7fff    0x6ff8


*******************************************************************************
*** INIT TABLE
***

          Address      Size
          -------      ----
Zero (__iar_zero_init3)
    1 destination range, total size 0x8:
          0x2000'0000   0x8



*******************************************************************************
*** MODULE SUMMARY
***

    Module                 ro code  ro data  rw data
    ------                 -------  -------  -------
command line/config:
    ------------------------------------------------
    Total:

C:\Users\aelqa\Desktop\Semester 7\Micro\Microcontrollers_Project\Debug\Obj: [1]
    EEPROM.o                   116
    LCD_Driver.o               432
    LED.o                      112
    Transitions.o              136                 8
    keypad.o                   232
    main.o                     116       44
    sysTick.o                  196
    ------------------------------------------------
    Total:                   1'340       44        8

dl7M_tln.a: [2]
    exit.o                       4
    low_level_init.o             4
    ------------------------------------------------
    Total:                       8

m7M_tl.a: [3]
    FltAdd.o                   214
    FltCmpEq.o                  28
    FltDiv.o                   252
    FltMul.o                   216
    FltSub.o                   128
    FltToS32.o                  42
    S32ToFlt.o                  36
    ------------------------------------------------
    Total:                     916

rt7M_tl.a: [4]
    ABImemcpy_unaligned.o       86
    cexit.o                     10
    cmain.o                     30
    cstartup_M.o                12
    data_init.o                 40
    vector_table_M.o            66
    zero_init3.o                58
    ------------------------------------------------
    Total:                     302

shb_l.a: [5]
    exit.o                      20
    ------------------------------------------------
    Total:                      20

    Gaps                         6
    Linker created                       16    4'096
----------------------------------------------------
    Grand Total:             2'592       60    4'104


*******************************************************************************
*** ENTRY LIST
***

Entry                       Address  Size  Type      Object
-----                       -------  ----  ----      ------
.iar.init_table$$Base         0x9cc         --   Gb  - Linker created -
.iar.init_table$$Limit        0x9dc         --   Gb  - Linker created -
?main                         0x9dd        Code  Gb  cmain.o [4]
CSTACK$$Base            0x2000'0008         --   Gb  - Linker created -
CSTACK$$Limit           0x2000'1008         --   Gb  - Linker created -
EEPROM_Init                   0x7f5  0x20  Code  Gb  EEPROM.o [1]
EEPROM_Read                   0x815  0x24  Code  Gb  EEPROM.o [1]
Keypad_Init                   0x685  0x5a  Code  Gb  keypad.o [1]
LCD_Init                       0x41  0x48  Code  Gb  LCD_Driver.o [1]
LCD_command                    0x89  0x66  Code  Gb  LCD_Driver.o [1]
LCD_data                       0xef  0x40  Code  Gb  LCD_Driver.o [1]
LCD_start                     0x12f  0x50  Code  Gb  LCD_Driver.o [1]
LED_Init                      0x935  0x20  Code  Gb  LED.o [1]
Region$$Table$$Base           0x9cc         --   Gb  - Linker created -
Region$$Table$$Limit          0x9dc         --   Gb  - Linker created -
__aeabi_cfcmpeq               0x4b9        Code  Gb  FltCmpEq.o [3]
__aeabi_f2iz                  0x3b1        Code  Gb  FltToS32.o [3]
__aeabi_fdiv                  0x2b5        Code  Gb  FltDiv.o [3]
__aeabi_fmul                  0x4d5        Code  Gb  FltMul.o [3]
__aeabi_fsub                  0x439        Code  Gb  FltSub.o [3]
__aeabi_i2f                   0x415        Code  Gb  S32ToFlt.o [3]
__cmain                       0x9dd        Code  Gb  cmain.o [4]
__exit                        0xa11  0x14  Code  Gb  exit.o [5]
__iar_data_init3              0x9a5  0x28  Code  Gb  data_init.o [4]
__iar_fadd                    0x445        Code  Gb  FltSub.o [3]
__iar_fsub                    0x5ad        Code  Gb  FltAdd.o [3]
__iar_fsubStart               0x5bd        Code  Gb  FltAdd.o [3]
__iar_program_start           0xa51        Code  Gb  cstartup_M.o [4]
__iar_unaligned_memcpy4
                              0x8dd        Code  Gb  ABImemcpy_unaligned.o [4]
__iar_unaligned_memcpy8
                              0x8dd        Code  Gb  ABImemcpy_unaligned.o [4]
__iar_zero_init3              0x3db  0x3a  Code  Gb  zero_init3.o [4]
__low_level_init              0x9fb   0x4  Code  Gb  low_level_init.o [2]
__vector_table                  0x0        Data  Gb  vector_table_M.o [4]
_call_main                    0x9e9        Code  Gb  cmain.o [4]
_exit                         0xa05        Code  Gb  cexit.o [4]
_main                         0x9f7        Code  Gb  cmain.o [4]
activateAlarm                 0x973  0x1e  Code  Gb  LED.o [1]
clearScreen                   0x1dd  0x14  Code  Gb  LCD_Driver.o [1]
exit                          0x9ff   0x4  Code  Gb  exit.o [2]
getPasswordLength             0x839  0x1a  Code  Gb  EEPROM.o [1]
getPressedKey                 0x6df  0x64  Code  Gb  keypad.o [1]
main                          0x869  0x74  Code  Gb  main.o [1]
openDoor                      0x955  0x1e  Code  Gb  LED.o [1]
sysTick_Init                  0x1f1  0x2e  Code  Gb  sysTick.o [1]
transit                       0x76d  0x88  Code  Gb  Transitions.o [1]
transit::current        0x2000'0000   0x4  Data  Lc  Transitions.o [1]
transit::wrong          0x2000'0004   0x4  Data  Lc  Transitions.o [1]
waitTime                      0x21f  0x7e  Code  Gb  sysTick.o [1]
write_string                  0x1b9  0x24  Code  Gb  LCD_Driver.o [1]


[1] = C:\Users\aelqa\Desktop\Semester 7\Micro\Microcontrollers_Project\Debug\Obj
[2] = dl7M_tln.a
[3] = m7M_tl.a
[4] = rt7M_tl.a
[5] = shb_l.a

  2'592 bytes of readonly  code memory
     60 bytes of readonly  data memory
  4'104 bytes of readwrite data memory

Errors: none
Warnings: none
