###############################################################################
#
# IAR ELF Linker V8.40.1.212/W32 for ARM                  16/Dec/2019  12:24:44
# Copyright 2007-2019 IAR Systems AB.
#
#    Output file  =
#        C:\Users\aelqa\Desktop\Semester
#        7\Micro\Microcontrollers_Project\Debug\Exe\PasswordBasedDoor.out
#    Map file     =
#        C:\Users\aelqa\Desktop\Semester
#        7\Micro\Microcontrollers_Project\Debug\List\PasswordBasedDoor.map
#    Command line =
#        -f C:\Users\aelqa\AppData\Local\Temp\EWCB02.tmp
#        ("C:\Users\aelqa\Desktop\Semester
#        7\Micro\Microcontrollers_Project\Debug\Obj\buzzer.o"
#        "C:\Users\aelqa\Desktop\Semester
#        7\Micro\Microcontrollers_Project\Debug\Obj\EEPROM.o"
#        "C:\Users\aelqa\Desktop\Semester
#        7\Micro\Microcontrollers_Project\Debug\Obj\keypad.o"
#        "C:\Users\aelqa\Desktop\Semester
#        7\Micro\Microcontrollers_Project\Debug\Obj\LCD_Driver.o"
#        "C:\Users\aelqa\Desktop\Semester
#        7\Micro\Microcontrollers_Project\Debug\Obj\LED.o"
#        "C:\Users\aelqa\Desktop\Semester
#        7\Micro\Microcontrollers_Project\Debug\Obj\main.o"
#        "C:\Users\aelqa\Desktop\Semester
#        7\Micro\Microcontrollers_Project\Debug\Obj\sysTick.o"
#        "C:\Users\aelqa\Desktop\Semester
#        7\Micro\Microcontrollers_Project\Debug\Obj\Transitions.o"
#        --no_out_extension -o "C:\Users\aelqa\Desktop\Semester
#        7\Micro\Microcontrollers_Project\Debug\Exe\PasswordBasedDoor.out"
#        --redirect _Printf=_PrintfFullNoMb --redirect _Scanf=_ScanfFullNoMb
#        --map "C:\Users\aelqa\Desktop\Semester
#        7\Micro\Microcontrollers_Project\Debug\List\PasswordBasedDoor.map"
#        --config "C:\Program Files (x86)\IAR Systems\Embedded Workbench
#        8.3\arm\config\linker\TexasInstruments\TM4C123GH6.icf" --semihosting
#        --entry __iar_program_start --vfe --text_out locale)
#
###############################################################################

*******************************************************************************
*** RUNTIME MODEL ATTRIBUTES
***

CppFlavor       = *
__SystemLibrary = DLib
__dlib_version  = 6


*******************************************************************************
*** HEAP SELECTION
***

The basic heap was selected because some modules are built with
size limitations (and not runtime checking), and --advanced_heap
was not specified.


*******************************************************************************
*** PLACEMENT SUMMARY
***

"A0":  place at address 0x0 { ro section .intvec };
"P1":  place in [from 0x0 to 0x3'ffff] { ro };
define block CSTACK with size = 4K, alignment = 8 { };
define block HEAP with size = 8K, alignment = 8 { };
"P2":  place in [from 0x2000'0000 to 0x2000'7fff] {
          rw, block CSTACK, block HEAP };
initialize by copy { rw };

  Section            Kind         Address    Size  Object
  -------            ----         -------    ----  ------
"A0":                                        0x40
  .intvec            ro code          0x0    0x40  vector_table_M.o [4]
                                   - 0x40    0x40

"P1":                                       0xf1c
  .text              ro code         0x40   0x3b0  Transitions.o [1]
  .text              ro code        0x3f0   0x290  LCD_Driver.o [1]
  .text              ro code        0x680    0xc4  sysTick.o [1]
  .text              ro code        0x744    0x70  LED.o [1]
  .text              ro code        0x7b4    0xe8  keypad.o [1]
  .text              ro code        0x89c    0x74  buzzer.o [1]
  .text              ro code        0x910    0xd4  EEPROM.o [1]
  .text              ro code        0x9e4    0xfc  FltDiv.o [3]
  .text              ro code        0xae0    0x2a  FltToS32.o [3]
  .text              ro code        0xb0a     0x2  vector_table_M.o [4]
  .text              ro code        0xb0c    0x24  S32ToFlt.o [3]
  .text              ro code        0xb30    0x80  FltSub.o [3]
  .text              ro code        0xbb0    0x1c  FltCmpEq.o [3]
  .text              ro code        0xbcc    0xd8  FltMul.o [3]
  .text              ro code        0xca4    0xd6  FltAdd.o [3]
  .text              ro code        0xd7c    0x56  ABImemcpy_unaligned.o [4]
  .text              ro code        0xdd2    0x38  packbits_init_single.o [4]
  .text              ro code        0xe0c    0x34  main.o [1]
  .text              ro code        0xe40    0x28  data_init.o [4]
  .iar.init_table    const          0xe68    0x10  - Linker created -
  .text              ro code        0xe78    0x1e  cmain.o [4]
  .text              ro code        0xe96     0x4  low_level_init.o [2]
  .text              ro code        0xe9a     0x4  exit.o [2]
  .text              ro code        0xea0     0xa  cexit.o [4]
  .text              ro code        0xeac    0x14  exit.o [5]
  .rodata            const          0xec0    0x14  Transitions.o [1]
  .rodata            const          0xed4    0x14  Transitions.o [1]
  .rodata            const          0xee8    0x14  Transitions.o [1]
  .rodata            const          0xefc    0x14  Transitions.o [1]
  .rodata            const          0xf10    0x10  main.o [1]
  .rodata            const          0xf20    0x10  Transitions.o [1]
  .rodata            const          0xf30    0x10  Transitions.o [1]
  .rodata            const          0xf40     0xc  Transitions.o [1]
  .text              ro code        0xf4c     0xc  cstartup_M.o [4]
  .rodata            const          0xf58     0x0  packbits_init_single.o [4]
  Initializer bytes  const          0xf58     0x4  <for P2-1>
                                  - 0xf5c   0xf1c

"P2", part 1 of 2:                           0x24
  P2-1                        0x2000'0000    0x24  <Init block>
    .data            inited   0x2000'0000    0x10  Transitions.o [1]
    .bss             inited   0x2000'0010     0x4  Transitions.o [1]
    .bss             inited   0x2000'0014     0x4  Transitions.o [1]
    .bss             inited   0x2000'0018     0x4  Transitions.o [1]
    .bss             inited   0x2000'001c     0x4  Transitions.o [1]
    .bss             inited   0x2000'0020     0x4  Transitions.o [1]
                            - 0x2000'0024    0x24

"P2", part 2 of 2:                         0x1000
  CSTACK                      0x2000'0028  0x1000  <Block>
    CSTACK           uninit   0x2000'0028  0x1000  <Block tail>
                            - 0x2000'1028  0x1000

Unused ranges:

         From           To      Size
         ----           --      ----
        0xf5c     0x3'ffff  0x3'f0a4
  0x2000'0024  0x2000'0027       0x4
  0x2000'1028  0x2000'7fff    0x6fd8


*******************************************************************************
*** INIT TABLE
***

          Address      Size
          -------      ----
Copy/packbits (__iar_packbits_init_single3)
    1 source range, total size 0x4 (11% of destination):
                0xf58   0x4
    1 destination range, total size 0x24:
          0x2000'0000  0x24



*******************************************************************************
*** MODULE SUMMARY
***

    Module                  ro code  ro data  rw data
    ------                  -------  -------  -------
command line/config:
    -------------------------------------------------
    Total:

C:\Users\aelqa\Desktop\Semester 7\Micro\Microcontrollers_Project\Debug\Obj: [1]
    EEPROM.o                    212
    LCD_Driver.o                656
    LED.o                       112
    Transitions.o               944      128       36
    buzzer.o                    116
    keypad.o                    232
    main.o                       52       16
    sysTick.o                   196
    -------------------------------------------------
    Total:                    2'520      144       36

dl7M_tln.a: [2]
    exit.o                        4
    low_level_init.o              4
    -------------------------------------------------
    Total:                        8

m7M_tl.a: [3]
    FltAdd.o                    214
    FltCmpEq.o                   28
    FltDiv.o                    252
    FltMul.o                    216
    FltSub.o                    128
    FltToS32.o                   42
    S32ToFlt.o                   36
    -------------------------------------------------
    Total:                      916

rt7M_tl.a: [4]
    ABImemcpy_unaligned.o        86
    cexit.o                      10
    cmain.o                      30
    cstartup_M.o                 12
    data_init.o                  40
    packbits_init_single.o       56
    vector_table_M.o             66
    -------------------------------------------------
    Total:                      300

shb_l.a: [5]
    exit.o                       20
    -------------------------------------------------
    Total:                       20

    Gaps                          8
    Linker created                        16    4'096
-----------------------------------------------------
    Grand Total:              3'772      160    4'132


*******************************************************************************
*** ENTRY LIST
***

Entry                       Address   Size  Type      Object
-----                       -------   ----  ----      ------
.iar.init_table$$Base         0xe68          --   Gb  - Linker created -
.iar.init_table$$Limit        0xe78          --   Gb  - Linker created -
?main                         0xe79         Code  Gb  cmain.o [4]
CSTACK$$Base            0x2000'0028          --   Gb  - Linker created -
CSTACK$$Limit           0x2000'1028          --   Gb  - Linker created -
EEPROM_Init                   0x911   0x20  Code  Gb  EEPROM.o [1]
EEPROM_Read                   0x967   0x24  Code  Gb  EEPROM.o [1]
EEPROM_Write                  0x931   0x36  Code  Gb  EEPROM.o [1]
Init_Ports                    0x44d   0x58  Code  Gb  LCD_Driver.o [1]
Keypad_Init                   0x7b5   0x5a  Code  Gb  keypad.o [1]
LCD_Init                      0x3f1   0x5c  Code  Gb  LCD_Driver.o [1]
LCD_Write_String              0x5c5   0x66  Code  Gb  LCD_Driver.o [1]
LCD_command                   0x4a5   0x6e  Code  Gb  LCD_Driver.o [1]
LCD_data                      0x513   0x48  Code  Gb  LCD_Driver.o [1]
LCD_start                     0x55b   0x56  Code  Gb  LCD_Driver.o [1]
LED_Init                      0x745   0x20  Code  Gb  LED.o [1]
Region$$Table$$Base           0xe68          --   Gb  - Linker created -
Region$$Table$$Limit          0xe78          --   Gb  - Linker created -
__aeabi_cfcmpeq               0xbb1         Code  Gb  FltCmpEq.o [3]
__aeabi_f2iz                  0xae1         Code  Gb  FltToS32.o [3]
__aeabi_fdiv                  0x9e5         Code  Gb  FltDiv.o [3]
__aeabi_fmul                  0xbcd         Code  Gb  FltMul.o [3]
__aeabi_fsub                  0xb31         Code  Gb  FltSub.o [3]
__aeabi_i2f                   0xb0d         Code  Gb  S32ToFlt.o [3]
__cmain                       0xe79         Code  Gb  cmain.o [4]
__exit                        0xead   0x14  Code  Gb  exit.o [5]
__iar_data_init3              0xe41   0x28  Code  Gb  data_init.o [4]
__iar_fadd                    0xb3d         Code  Gb  FltSub.o [3]
__iar_fsub                    0xca5         Code  Gb  FltAdd.o [3]
__iar_fsubStart               0xcb5         Code  Gb  FltAdd.o [3]
__iar_packbits_init_single3
                              0xdd3   0x38  Code  Gb  packbits_init_single.o [4]
__iar_program_start           0xf4d         Code  Gb  cstartup_M.o [4]
__iar_unaligned_memcpy4
                              0xd7d         Code  Gb  ABImemcpy_unaligned.o [4]
__iar_unaligned_memcpy8
                              0xd7d         Code  Gb  ABImemcpy_unaligned.o [4]
__low_level_init              0xe97    0x4  Code  Gb  low_level_init.o [2]
__vector_table                  0x0         Data  Gb  vector_table_M.o [4]
_call_main                    0xe85         Code  Gb  cmain.o [4]
_exit                         0xea1         Code  Gb  cexit.o [4]
_main                         0xe93         Code  Gb  cmain.o [4]
activateAlarm                 0x783   0x1e  Code  Gb  LED.o [1]
alarm                         0x8bd   0x40  Code  Gb  buzzer.o [1]
buzzer_Init                   0x89d   0x20  Code  Gb  buzzer.o [1]
clearScreen                   0x5b1   0x14  Code  Gb  LCD_Driver.o [1]
exit                          0xe9b    0x4  Code  Gb  exit.o [2]
getPasswordLength             0x9b7   0x1a  Code  Gb  EEPROM.o [1]
getPressedKey                 0x80f   0x64  Code  Gb  keypad.o [1]
main                          0xe0d   0x34  Code  Gb  main.o [1]
newPassState                  0x32d   0x8c  Code  Gb  Transitions.o [1]
newPassState::lengthNew
                        0x2000'0020    0x4  Data  Lc  Transitions.o [1]
newPassState::newPassword
                        0x2000'0000   0x10  Data  Lc  Transitions.o [1]
oldPasswordState              0x289   0xa0  Code  Gb  Transitions.o [1]
oldPasswordState::current
                        0x2000'0018    0x4  Data  Lc  Transitions.o [1]
oldPasswordState::wrong
                        0x2000'001c    0x4  Data  Lc  Transitions.o [1]
openDoor                      0x765   0x1e  Code  Gb  LED.o [1]
passwordEntryProcess           0x41  0x1c8  Code  Gb  Transitions.o [1]
savePasswordLength            0x98b   0x2c  Code  Gb  EEPROM.o [1]
sysTick_Init                  0x681   0x2e  Code  Gb  sysTick.o [1]
transit                       0x209   0x80  Code  Gb  Transitions.o [1]
transit::current        0x2000'0010    0x4  Data  Lc  Transitions.o [1]
transit::wrong          0x2000'0014    0x4  Data  Lc  Transitions.o [1]
waitTime                      0x6af   0x7e  Code  Gb  sysTick.o [1]


[1] = C:\Users\aelqa\Desktop\Semester 7\Micro\Microcontrollers_Project\Debug\Obj
[2] = dl7M_tln.a
[3] = m7M_tl.a
[4] = rt7M_tl.a
[5] = shb_l.a

  3'772 bytes of readonly  code memory
    160 bytes of readonly  data memory
  4'132 bytes of readwrite data memory

Errors: none
Warnings: none
